exports[`Model tests model 1`] = `
Array [
  Object {
    "attributes": Array [
      Object {
        "model": undefined,
        "name": "name",
        "primaryKey": false,
        "required": false,
        "type": "string",
      },
      Object {
        "model": undefined,
        "name": "key",
        "primaryKey": true,
        "required": false,
        "type": "string",
      },
      Object {
        "model": undefined,
        "name": "createdAt",
        "primaryKey": false,
        "required": false,
        "type": "date",
      },
      Object {
        "model": undefined,
        "name": "updatedAt",
        "primaryKey": false,
        "required": false,
        "type": "date",
      },
    ],
    "id": "model2",
    "name": "Model2",
  },
  Object {
    "attributes": Array [
      Object {
        "model": undefined,
        "name": "id",
        "primaryKey": true,
        "required": false,
        "type": "integer",
      },
      Object {
        "model": undefined,
        "name": "name",
        "primaryKey": false,
        "required": false,
        "type": "string",
      },
      Object {
        "model": undefined,
        "name": "title",
        "primaryKey": false,
        "required": false,
        "type": "string",
      },
      Object {
        "model": undefined,
        "name": "num",
        "primaryKey": false,
        "required": true,
        "type": "integer",
      },
      Object {
        "model": undefined,
        "name": "sum",
        "primaryKey": false,
        "required": false,
        "type": "float",
      },
      Object {
        "model": undefined,
        "name": "isActive",
        "primaryKey": false,
        "required": true,
        "type": "boolean",
      },
      Object {
        "model": undefined,
        "name": "firstActive",
        "primaryKey": false,
        "required": true,
        "type": "date",
      },
      Object {
        "model": undefined,
        "name": "lastActive",
        "primaryKey": false,
        "required": false,
        "type": "date",
      },
      Object {
        "model": "model2",
        "name": "model2Field",
        "primaryKey": false,
        "required": false,
        "type": "model",
      },
      Object {
        "model": undefined,
        "name": "createdAt",
        "primaryKey": false,
        "required": false,
        "type": "date",
      },
      Object {
        "model": undefined,
        "name": "updatedAt",
        "primaryKey": false,
        "required": false,
        "type": "date",
      },
    ],
    "id": "modelname1",
    "name": "ModelName1",
  },
]
`;
