exports[`Model tests model 1`] = `
Collection {
  "modelConfigs": Array [
    Object {
      "attributes": Array [
        Object {
          "model": undefined,
          "name": "name",
          "primaryKey": false,
          "required": false,
          "type": "string",
        },
        Object {
          "model": undefined,
          "name": "key",
          "primaryKey": true,
          "required": false,
          "type": "string",
        },
        Object {
          "model": undefined,
          "name": "createdAt",
          "primaryKey": false,
          "required": false,
          "type": "date",
        },
        Object {
          "model": undefined,
          "name": "updatedAt",
          "primaryKey": false,
          "required": false,
          "type": "date",
        },
      ],
      "id": "model2",
      "name": "Model2",
    },
    Object {
      "attributes": Array [
        Object {
          "model": undefined,
          "name": "id",
          "primaryKey": true,
          "required": false,
          "type": "integer",
        },
        Object {
          "model": undefined,
          "name": "name",
          "primaryKey": false,
          "required": false,
          "type": "string",
        },
        Object {
          "model": undefined,
          "name": "title",
          "primaryKey": false,
          "required": false,
          "type": "string",
        },
        Object {
          "model": undefined,
          "name": "num",
          "primaryKey": false,
          "required": true,
          "type": "integer",
        },
        Object {
          "model": undefined,
          "name": "sum",
          "primaryKey": false,
          "required": false,
          "type": "float",
        },
        Object {
          "model": undefined,
          "name": "isActive",
          "primaryKey": false,
          "required": true,
          "type": "boolean",
        },
        Object {
          "model": undefined,
          "name": "firstActive",
          "primaryKey": false,
          "required": true,
          "type": "date",
        },
        Object {
          "model": undefined,
          "name": "lastActive",
          "primaryKey": false,
          "required": false,
          "type": "date",
        },
        Object {
          "model": "model2",
          "name": "model2Field",
          "primaryKey": false,
          "required": false,
          "type": "model",
        },
        Object {
          "model": undefined,
          "name": "createdAt",
          "primaryKey": false,
          "required": false,
          "type": "date",
        },
        Object {
          "model": undefined,
          "name": "updatedAt",
          "primaryKey": false,
          "required": false,
          "type": "date",
        },
      ],
      "id": "modelname1",
      "name": "ModelName1",
    },
  ],
  "models": Array [
    Model {
      "attributes": Array [
        Object {
          "model": undefined,
          "name": "name",
          "required": false,
          "type": "string",
        },
        Object {
          "model": undefined,
          "name": "key",
          "required": false,
          "type": "string",
        },
        Object {
          "model": undefined,
          "name": "createdAt",
          "required": false,
          "type": "date",
        },
        Object {
          "model": undefined,
          "name": "updatedAt",
          "required": false,
          "type": "date",
        },
      ],
      "collector": [Circular],
      "config": Object {
        "attributes": Array [
          Object {
            "model": undefined,
            "name": "name",
            "primaryKey": false,
            "required": false,
            "type": "string",
          },
          Object {
            "model": undefined,
            "name": "key",
            "primaryKey": true,
            "required": false,
            "type": "string",
          },
          Object {
            "model": undefined,
            "name": "createdAt",
            "primaryKey": false,
            "required": false,
            "type": "date",
          },
          Object {
            "model": undefined,
            "name": "updatedAt",
            "primaryKey": false,
            "required": false,
            "type": "date",
          },
        ],
        "id": "model2",
        "name": "Model2",
      },
      "id": "model2",
      "name": "Model2",
      "opts": Object {
        "interfaces": Array [],
      },
      "primaryKeyAttribute": Object {
        "model": undefined,
        "name": "key",
        "required": false,
        "type": "string",
      },
    },
    Model {
      "attributes": Array [
        Object {
          "model": undefined,
          "name": "id",
          "required": false,
          "type": "integer",
        },
        Object {
          "model": undefined,
          "name": "name",
          "required": false,
          "type": "string",
        },
        Object {
          "model": undefined,
          "name": "title",
          "required": false,
          "type": "string",
        },
        Object {
          "model": undefined,
          "name": "num",
          "required": true,
          "type": "integer",
        },
        Object {
          "model": undefined,
          "name": "sum",
          "required": false,
          "type": "float",
        },
        Object {
          "model": undefined,
          "name": "isActive",
          "required": true,
          "type": "boolean",
        },
        Object {
          "model": undefined,
          "name": "firstActive",
          "required": true,
          "type": "date",
        },
        Object {
          "model": undefined,
          "name": "lastActive",
          "required": false,
          "type": "date",
        },
        Object {
          "model": "model2",
          "name": "model2Field",
          "required": false,
          "type": "model",
        },
        Object {
          "model": undefined,
          "name": "createdAt",
          "required": false,
          "type": "date",
        },
        Object {
          "model": undefined,
          "name": "updatedAt",
          "required": false,
          "type": "date",
        },
      ],
      "collector": [Circular],
      "config": Object {
        "attributes": Array [
          Object {
            "model": undefined,
            "name": "id",
            "primaryKey": true,
            "required": false,
            "type": "integer",
          },
          Object {
            "model": undefined,
            "name": "name",
            "primaryKey": false,
            "required": false,
            "type": "string",
          },
          Object {
            "model": undefined,
            "name": "title",
            "primaryKey": false,
            "required": false,
            "type": "string",
          },
          Object {
            "model": undefined,
            "name": "num",
            "primaryKey": false,
            "required": true,
            "type": "integer",
          },
          Object {
            "model": undefined,
            "name": "sum",
            "primaryKey": false,
            "required": false,
            "type": "float",
          },
          Object {
            "model": undefined,
            "name": "isActive",
            "primaryKey": false,
            "required": true,
            "type": "boolean",
          },
          Object {
            "model": undefined,
            "name": "firstActive",
            "primaryKey": false,
            "required": true,
            "type": "date",
          },
          Object {
            "model": undefined,
            "name": "lastActive",
            "primaryKey": false,
            "required": false,
            "type": "date",
          },
          Object {
            "model": "model2",
            "name": "model2Field",
            "primaryKey": false,
            "required": false,
            "type": "model",
          },
          Object {
            "model": undefined,
            "name": "createdAt",
            "primaryKey": false,
            "required": false,
            "type": "date",
          },
          Object {
            "model": undefined,
            "name": "updatedAt",
            "primaryKey": false,
            "required": false,
            "type": "date",
          },
        ],
        "id": "modelname1",
        "name": "ModelName1",
      },
      "id": "modelname1",
      "name": "ModelName1",
      "opts": Object {
        "interfaces": Array [],
      },
      "primaryKeyAttribute": Object {
        "model": undefined,
        "name": "id",
        "required": false,
        "type": "integer",
      },
    },
  ],
}
`;
